// Jest Snapshot v1, https://goo.gl/fbAQLP

exports[`#formatUrl renders 1`] = `
"
  <url>
    <loc>https://jaketrent.com/post/test-post</loc>
    <lastmod>mockISODateString</lastmod>
  </url>
"
`;

exports[`#formatUrlset renders 1`] = `
"
  <?xml version=\\"1.0\\" encoding=\\"UTF-8\\"?>
  <urlset
    xmlns=\\"http://www.sitemaps.org/schemas/sitemap/0.9\\"
    xmlns:xsi=\\"http://www.w3.org/2001/XMLSchema-instance\\"
    xsi:schemaLocation=\\"http://www.sitemaps.org/schemas/sitemap/0.9 http://www.sitemaps.org/schemas/sitemap/0.9/sitemap.xsd\\"
  >
    <mockFormattedUrls />
  </urlset>
"
`;
